
> knowledge-hub-frontend@1.0.0 build
> vite build

[36mvite v5.4.21 [32mbuilding for production...[36m[39m
transforming...
[32mΓ£ô[39m 3912 modules transformed.
node.exe : [31mx[39m Build failed in 11.60s
At line:1 char:1
+ & "C:\Program Files\nodejs/node.exe" "C:\Program 
Files\nodejs/node_mo ...
+ ~~~~~~~~~~~~~~~~~~~~~~~~~~~~~~~~~~~~~~~~~~~~~~~~~~~~~~~
~~~~~~~~~~~~~~
    + CategoryInfo          : NotSpecified: ([31mx[39m 
    Build failed in 11.60s:String) [], RemoteException
    + FullyQualifiedErrorId : NativeCommandError
 
[31merror during build:
[31msrc/components/editor/TiptapEditor.jsx (1:35): 
"BubbleMenu" is not exported by 
"node_modules/@tiptap/react/dist/index.js", imported by 
"src/components/editor/TiptapEditor.jsx".[31m
file: [36mC:/Users/HP/Desktop/secure personalknowledge 
management app/frontend/src/components/editor/TiptapEdito
r.jsx:1:35[31m
[33m
1: import { useEditor, EditorContent, BubbleMenu, 
FloatingMenu } from '@tiptap/react'
                                      ^
2: import StarterKit from '@tiptap/starter-kit'
3: import Placeholder from 
'@tiptap/extension-placeholder'
[31m
    at getRollupError (file:///C:/Users/HP/Desktop/secure
%20personalknowledge%20management%20app/frontend/node_mod
ules/rollup/dist/es/shared/parseAst.js:402:41)
    at error (file:///C:/Users/HP/Desktop/secure%20person
alknowledge%20management%20app/frontend/node_modules/roll
up/dist/es/shared/parseAst.js:398:42)
    at Module.error (file:///C:/Users/HP/Desktop/secure%2
0personalknowledge%20management%20app/frontend/node_modul
es/rollup/dist/es/shared/node-entry.js:17040:16)
    at Module.traceVariable (file:///C:/Users/HP/Desktop/
secure%20personalknowledge%20management%20app/frontend/no
de_modules/rollup/dist/es/shared/node-entry.js:17452:29)
    at ModuleScope.findVariable (file:///C:/Users/HP/Desk
top/secure%20personalknowledge%20management%20app/fronten
d/node_modules/rollup/dist/es/shared/node-entry.js:15070:
39)
    at FunctionScope.findVariable (file:///C:/Users/HP/De
sktop/secure%20personalknowledge%20management%20app/front
end/node_modules/rollup/dist/es/shared/node-entry.js:5673
:38)
    at FunctionBodyScope.findVariable (file:///C:/Users/H
P/Desktop/secure%20personalknowledge%20management%20app/f
rontend/node_modules/rollup/dist/es/shared/node-entry.js:
5673:38)
    at Identifier.bind (file:///C:/Users/HP/Desktop/secur
e%20personalknowledge%20management%20app/frontend/node_mo
dules/rollup/dist/es/shared/node-entry.js:5447:40)
    at CallExpression.bind (file:///C:/Users/HP/Desktop/s
ecure%20personalknowledge%20management%20app/frontend/nod
e_modules/rollup/dist/es/shared/node-entry.js:2825:28)
    at CallExpression.bind (file:///C:/Users/HP/Desktop/s
ecure%20personalknowledge%20management%20app/frontend/nod
e_modules/rollup/dist/es/shared/node-entry.js:12179:15)[
39m
